
<!DOCTYPE html>
<html>
<head>
    <meta charset="utf-8">
    <title>Awesome go-echarts</title>
    <script src="https://go-echarts.github.io/go-echarts-assets/assets/echarts.min.js"></script>
    <script src="https://go-echarts.github.io/go-echarts-assets/assets/themes/westeros.js"></script>
    <style>
      .w3-bar{width:100%;overflow:hidden}.w3-center .w3-bar{display:inline-block;width:auto}
      .w3-bar .w3-bar-item{padding:8px 16px;float:left;width:auto;border:none;display:block;outline:0}
      .w3-black,.w3-hover-black:hover{color:#fff!important;background-color:#000!important}
      .w3-red,.w3-hover-red:hover{color:#fff!important;background-color:#f44336!important
      .w3-amber,.w3-hover-amber:hover{color:#000!important;background-color:#ffc107!important}
      .w3-teal,.w3-hover-teal:hover{color:#fff!important;background-color:#009688!important}
    </style>
</head>

<body>
	<div class="w3-bar w3-black"><div class="w3-bar-item">Collection 0</div></div>

	<table>
		<caption>Args</caption>
		<tr><td>BlockSize</td><td>0</td></tr>
		<tr><td>StaticBlocks</td><td>8</td></tr>
		<tr><td>DynamicLimit</td><td>50</td></tr>
		<tr><td>Concurrency</td><td>100</td></tr>
	</table>
		
<div class="container">
    <div class="item" id="vJEgYRdsuIvp" style="width:900px;height:500px;"></div>
</div>
<script type="text/javascript">
    "use strict";
    let goecharts_vJEgYRdsuIvp = echarts.init(document.getElementById('vJEgYRdsuIvp'), "westeros");
    let option_vJEgYRdsuIvp = {"legend":{"show":false},"series":[{"name":"Utilization","type":"line","smooth":true,"waveAnimation":false,"renderLabelForZeroData":false,"selectedMode":false,"animation":false,"data":[{"value":5000,"XAxisIndex":0,"YAxisIndex":0},{"value":10000,"XAxisIndex":0,"YAxisIndex":0}]}],"title":{"text":"Current Heap Allocations","subtext":"The number of oustanding Heap allocations"},"tooltip":{"show":false},"xAxis":[{"data":["2022-01-26 07:04:57 -0800 PST","2022-01-26 07:05:07 -0800 PST"]}],"yAxis":[{}]};
    goecharts_vJEgYRdsuIvp.setOption(option_vJEgYRdsuIvp);
</script>

		
<div class="container">
    <div class="item" id="IJwqoCFngwPJ" style="width:900px;height:500px;"></div>
</div>
<script type="text/javascript">
    "use strict";
    let goecharts_IJwqoCFngwPJ = echarts.init(document.getElementById('IJwqoCFngwPJ'), "westeros");
    let option_IJwqoCFngwPJ = {"legend":{"show":false},"series":[{"name":"Utilization","type":"line","smooth":true,"waveAnimation":false,"renderLabelForZeroData":false,"selectedMode":false,"animation":false,"data":[{"value":100,"XAxisIndex":0,"YAxisIndex":0},{"value":200,"XAxisIndex":0,"YAxisIndex":0}]}],"title":{"text":"Current Heap Allocations in MiB","subtext":"The number of oustanding Heap allocations"},"tooltip":{"show":false},"xAxis":[{"data":["2022-01-26 07:04:57 -0800 PST","2022-01-26 07:05:07 -0800 PST"]}],"yAxis":[{}]};
    goecharts_IJwqoCFngwPJ.setOption(option_IJwqoCFngwPJ);
</script>

		
<div class="container">
    <div class="item" id="wxPWjmrARjrI" style="width:900px;height:500px;"></div>
</div>
<script type="text/javascript">
    "use strict";
    let goecharts_wxPWjmrARjrI = echarts.init(document.getElementById('wxPWjmrARjrI'), "westeros");
    let option_wxPWjmrARjrI = {"legend":{"show":false},"series":[{"name":"Utilization","type":"line","smooth":true,"waveAnimation":false,"renderLabelForZeroData":false,"selectedMode":false,"animation":false,"data":[{"value":3,"XAxisIndex":0,"YAxisIndex":0},{"value":7,"XAxisIndex":0,"YAxisIndex":0}]}],"title":{"text":"Static buffer utilization(8 buffers allocated)","subtext":"The usage of the allocated static buffers at 10 second intervals"},"tooltip":{"show":false},"xAxis":[{"data":["2022-01-26 07:04:57 -0800 PST","2022-01-26 07:05:07 -0800 PST"]}],"yAxis":[{}]};
    goecharts_wxPWjmrARjrI.setOption(option_wxPWjmrARjrI);
</script>

		
<div class="container">
    <div class="item" id="pJizYXTJTruZ" style="width:900px;height:500px;"></div>
</div>
<script type="text/javascript">
    "use strict";
    let goecharts_pJizYXTJTruZ = echarts.init(document.getElementById('pJizYXTJTruZ'), "westeros");
    let option_pJizYXTJTruZ = {"legend":{"show":false},"series":[{"name":"Utilization","type":"line","smooth":true,"waveAnimation":false,"renderLabelForZeroData":false,"selectedMode":false,"animation":false,"data":[{"value":0,"XAxisIndex":0,"YAxisIndex":0},{"value":30,"XAxisIndex":0,"YAxisIndex":0}]}],"title":{"text":"Dynamic buffer utilization with 50 Limit","subtext":"The number of dynamically allocated buffers at 10 second intervals"},"tooltip":{"show":false},"xAxis":[{"data":["2022-01-26 07:04:57 -0800 PST","2022-01-26 07:05:07 -0800 PST"]}],"yAxis":[{}]};
    goecharts_pJizYXTJTruZ.setOption(option_pJizYXTJTruZ);
</script>

		
<div class="container">
    <div class="item" id="PgQecHYQGWGn" style="width:900px;height:500px;"></div>
</div>
<script type="text/javascript">
    "use strict";
    let goecharts_PgQecHYQGWGn = echarts.init(document.getElementById('PgQecHYQGWGn'), "westeros");
    let option_PgQecHYQGWGn = {"legend":{"show":false},"series":[{"name":"Utilization","type":"line","smooth":true,"waveAnimation":false,"renderLabelForZeroData":false,"selectedMode":false,"animation":false,"data":[{"value":22,"XAxisIndex":0,"YAxisIndex":0},{"value":67,"XAxisIndex":0,"YAxisIndex":0}]}],"title":{"text":"Goroutine utilization(out of 100 possible)","subtext":"The number of goroutines in use for transfers at 10 second intervals"},"tooltip":{"show":false},"xAxis":[{"data":["2022-01-26 07:04:57 -0800 PST","2022-01-26 07:05:07 -0800 PST"]}],"yAxis":[{}]};
    goecharts_PgQecHYQGWGn.setOption(option_PgQecHYQGWGn);
</script>

		
<div class="container">
    <div class="item" id="KBuiDvLfnyph" style="width:900px;height:500px;"></div>
</div>
<script type="text/javascript">
    "use strict";
    let goecharts_KBuiDvLfnyph = echarts.init(document.getElementById('KBuiDvLfnyph'), "westeros");
    let option_KBuiDvLfnyph = {"legend":{"show":false},"series":[{"name":"Utilization","type":"line","smooth":true,"waveAnimation":false,"renderLabelForZeroData":false,"selectedMode":false,"animation":false,"data":[{"value":0.102,"XAxisIndex":0,"YAxisIndex":0},{"value":0.11,"XAxisIndex":0,"YAxisIndex":0}]}],"title":{"text":"Run() Latency in seconds","subtext":"The avg latency of a Run() call averaged over 10 seconds"},"tooltip":{"show":false},"xAxis":[{"data":["2022-01-26 07:04:57 -0800 PST","2022-01-26 07:05:07 -0800 PST"]}],"yAxis":[{}]};
    goecharts_KBuiDvLfnyph.setOption(option_KBuiDvLfnyph);
</script>


</body>
</html>
